---
source: crates/oxc_linter/src/tester.rs
assertion_line: 144
expression: lang
---
  ⚠ eslint-plugin-jsx-a11y(lang):lang attribute must have a valid value.
   ╭─[lang.tsx:1:1]
 1 │ <html lang='foo' />
   ·       ──────────
   ╰────
  help: set a valid value for lang attribute.

  ⚠ eslint-plugin-jsx-a11y(lang):lang attribute must have a valid value.
   ╭─[lang.tsx:1:1]
 1 │ <html lang='zz-LL' />
   ·       ────────────
   ╰────
  help: set a valid value for lang attribute.

  ⚠ eslint-plugin-jsx-a11y(lang):lang attribute must have a valid value.
   ╭─[lang.tsx:1:1]
 1 │ <html lang={undefined} />
   ·       ────────────────
   ╰────
  help: set a valid value for lang attribute.

  ⚠ eslint-plugin-jsx-a11y(lang):lang attribute must have a valid value.
   ╭─[lang.tsx:1:1]
 1 │ <Foo lang={undefined} />
   ·      ────────────────
   ╰────
  help: set a valid value for lang attribute.


