minifier_test262 Summary:
AST Parsed     : 45671/45671 (100.00%)
Positive Passed: 45671/45671 (100.00%)
